

================================================================
== Vivado HLS Report for 'Biquadv2coeffs'
================================================================
* Date:           Sun Dec 22 21:49:54 2024

* Version:        2017.2 (Build 1909853 on Thu Jun 15 18:55:24 MDT 2017)
* Project:        Biquadv2Coeffs
* Solution:       solution1
* Product family: zynq
* Target device:  xc7z010clg400-1


================================================================
== Performance Estimates
================================================================
+ Timing (ns): 
    * Summary: 
    +--------+-------+----------+------------+
    |  Clock | Target| Estimated| Uncertainty|
    +--------+-------+----------+------------+
    |ap_clk  |  10.00|      1.00|        1.25|
    +--------+-------+----------+------------+

+ Latency (clock cycles): 
    * Summary: 
    +-----+-----+-----+-----+---------+
    |  Latency  |  Interval | Pipeline|
    | min | max | min | max |   Type  |
    +-----+-----+-----+-----+---------+
    |    0|    0|    1|    1|   none  |
    +-----+-----+-----+-----+---------+

    + Detail: 
        * Instance: 
        N/A

        * Loop: 
        N/A



================================================================
== Utilization Estimates
================================================================
* Summary: 
+-----------------+---------+-------+-------+-------+
|       Name      | BRAM_18K| DSP48E|   FF  |  LUT  |
+-----------------+---------+-------+-------+-------+
|DSP              |        -|      -|      -|      -|
|Expression       |        -|      -|      -|      -|
|FIFO             |        -|      -|      -|      -|
|Instance         |        0|      -|    195|    310|
|Memory           |        -|      -|      -|      -|
|Multiplexer      |        -|      -|      -|      -|
|Register         |        -|      -|      -|      -|
+-----------------+---------+-------+-------+-------+
|Total            |        0|      0|    195|    310|
+-----------------+---------+-------+-------+-------+
|Available        |      120|     80|  35200|  17600|
+-----------------+---------+-------+-------+-------+
|Utilization (%)  |        0|      0|   ~0  |      1|
+-----------------+---------+-------+-------+-------+

+ Detail: 
    * Instance: 
    +-------------------------------+-----------------------------+---------+-------+-----+-----+
    |            Instance           |            Module           | BRAM_18K| DSP48E|  FF | LUT |
    +-------------------------------+-----------------------------+---------+-------+-----+-----+
    |Biquadv2coeffs_coeffs_s_axi_U  |Biquadv2coeffs_coeffs_s_axi  |        0|      0|  195|  310|
    +-------------------------------+-----------------------------+---------+-------+-----+-----+
    |Total                          |                             |        0|      0|  195|  310|
    +-------------------------------+-----------------------------+---------+-------+-----+-----+

    * DSP48: 
    N/A

    * Memory: 
    N/A

    * FIFO: 
    N/A

    * Expression: 
    N/A

    * Multiplexer: 
    N/A

    * Register: 
    N/A



================================================================
== Interface
================================================================
* Summary: 
+----------------------+-----+-----+------------+----------------+--------------+
|       RTL Ports      | Dir | Bits|  Protocol  |  Source Object |    C Type    |
+----------------------+-----+-----+------------+----------------+--------------+
|s_axi_coeffs_AWVALID  |  in |    1|    s_axi   |     coeffs     |    scalar    |
|s_axi_coeffs_AWREADY  | out |    1|    s_axi   |     coeffs     |    scalar    |
|s_axi_coeffs_AWADDR   |  in |    6|    s_axi   |     coeffs     |    scalar    |
|s_axi_coeffs_WVALID   |  in |    1|    s_axi   |     coeffs     |    scalar    |
|s_axi_coeffs_WREADY   | out |    1|    s_axi   |     coeffs     |    scalar    |
|s_axi_coeffs_WDATA    |  in |   32|    s_axi   |     coeffs     |    scalar    |
|s_axi_coeffs_WSTRB    |  in |    4|    s_axi   |     coeffs     |    scalar    |
|s_axi_coeffs_ARVALID  |  in |    1|    s_axi   |     coeffs     |    scalar    |
|s_axi_coeffs_ARREADY  | out |    1|    s_axi   |     coeffs     |    scalar    |
|s_axi_coeffs_ARADDR   |  in |    6|    s_axi   |     coeffs     |    scalar    |
|s_axi_coeffs_RVALID   | out |    1|    s_axi   |     coeffs     |    scalar    |
|s_axi_coeffs_RREADY   |  in |    1|    s_axi   |     coeffs     |    scalar    |
|s_axi_coeffs_RDATA    | out |   32|    s_axi   |     coeffs     |    scalar    |
|s_axi_coeffs_RRESP    | out |    2|    s_axi   |     coeffs     |    scalar    |
|s_axi_coeffs_BVALID   | out |    1|    s_axi   |     coeffs     |    scalar    |
|s_axi_coeffs_BREADY   |  in |    1|    s_axi   |     coeffs     |    scalar    |
|s_axi_coeffs_BRESP    | out |    2|    s_axi   |     coeffs     |    scalar    |
|ap_start              |  in |    1| ap_ctrl_hs | Biquadv2coeffs | return value |
|ap_done               | out |    1| ap_ctrl_hs | Biquadv2coeffs | return value |
|ap_idle               | out |    1| ap_ctrl_hs | Biquadv2coeffs | return value |
|ap_ready              | out |    1| ap_ctrl_hs | Biquadv2coeffs | return value |
|ap_clk                |  in |    1| ap_ctrl_hs | Biquadv2coeffs | return value |
|ap_rst_n              |  in |    1| ap_ctrl_hs | Biquadv2coeffs | return value |
|out0b0_a0_V           | out |   27|   ap_vld   |   out0b0_a0_V  |    pointer   |
|out0b0_a0_V_ap_vld    | out |    1|   ap_vld   |   out0b0_a0_V  |    pointer   |
|out0b1_a0_V           | out |   27|   ap_vld   |   out0b1_a0_V  |    pointer   |
|out0b1_a0_V_ap_vld    | out |    1|   ap_vld   |   out0b1_a0_V  |    pointer   |
|out0b2_a0_V           | out |   27|   ap_vld   |   out0b2_a0_V  |    pointer   |
|out0b2_a0_V_ap_vld    | out |    1|   ap_vld   |   out0b2_a0_V  |    pointer   |
|out0a1_a0_V           | out |   27|   ap_vld   |   out0a1_a0_V  |    pointer   |
|out0a1_a0_V_ap_vld    | out |    1|   ap_vld   |   out0a1_a0_V  |    pointer   |
|out0a2_a0_V           | out |   27|   ap_vld   |   out0a2_a0_V  |    pointer   |
|out0a2_a0_V_ap_vld    | out |    1|   ap_vld   |   out0a2_a0_V  |    pointer   |
+----------------------+-----+-----+------------+----------------+--------------+

