

================================================================
== Vivado HLS Report for 'Biquad'
================================================================
* Date:           Thu Dec 19 15:08:36 2024

* Version:        2017.2 (Build 1909853 on Thu Jun 15 18:55:24 MDT 2017)
* Project:        Biquad
* Solution:       Biquad
* Product family: zynq
* Target device:  xc7z010clg400-1


================================================================
== Performance Estimates
================================================================
+ Timing (ns): 
    * Summary: 
    +--------+-------+----------+------------+
    |  Clock | Target| Estimated| Uncertainty|
    +--------+-------+----------+------------+
    |ap_clk  |  10.00|      6.91|        1.25|
    +--------+-------+----------+------------+

+ Latency (clock cycles): 
    * Summary: 
    +-----+-----+-----+-----+---------+
    |  Latency  |  Interval | Pipeline|
    | min | max | min | max |   Type  |
    +-----+-----+-----+-----+---------+
    |    0|   33|    1|   34|   none  |
    +-----+-----+-----+-----+---------+

    + Detail: 
        * Instance: 
        +--------------------------+----------------+-----+-----+-----+-----+---------+
        |                          |                |  Latency  |  Interval | Pipeline|
        |         Instance         |     Module     | min | max | min | max |   Type  |
        +--------------------------+----------------+-----+-----+-----+-----+---------+
        |grp_Biquad_process_fu_58  |Biquad_process  |   32|   32|   32|   32|   none  |
        +--------------------------+----------------+-----+-----+-----+-----+---------+

        * Loop: 
        N/A



================================================================
== Utilization Estimates
================================================================
* Summary: 
+-----------------+---------+-------+-------+-------+
|       Name      | BRAM_18K| DSP48E|   FF  |  LUT  |
+-----------------+---------+-------+-------+-------+
|DSP              |        -|      -|      -|      -|
|Expression       |        -|      -|      -|      -|
|FIFO             |        -|      -|      -|      -|
|Instance         |        2|      4|    475|    275|
|Memory           |        -|      -|      -|      -|
|Multiplexer      |        -|      -|      -|      -|
|Register         |        -|      -|     32|      -|
+-----------------+---------+-------+-------+-------+
|Total            |        2|      4|    507|    275|
+-----------------+---------+-------+-------+-------+
|Available        |      120|     80|  35200|  17600|
+-----------------+---------+-------+-------+-------+
|Utilization (%)  |        1|      5|      1|      1|
+-----------------+---------+-------+-------+-------+

+ Detail: 
    * Instance: 
    +--------------------------+----------------+---------+-------+-----+-----+
    |         Instance         |     Module     | BRAM_18K| DSP48E|  FF | LUT |
    +--------------------------+----------------+---------+-------+-----+-----+
    |grp_Biquad_process_fu_58  |Biquad_process  |        2|      4|  475|  275|
    +--------------------------+----------------+---------+-------+-----+-----+
    |Total                     |                |        2|      4|  475|  275|
    +--------------------------+----------------+---------+-------+-----+-----+

    * DSP48: 
    N/A

    * Memory: 
    N/A

    * FIFO: 
    N/A

    * Expression: 
    N/A

    * Multiplexer: 
    N/A

    * Register: 
    +---------+----+----+-----+-----------+
    |   Name  | FF | LUT| Bits| Const Bits|
    +---------+----+----+-----+-----------+
    |outData  |  32|   0|   32|          0|
    +---------+----+----+-----+-----------+
    |Total    |  32|   0|   32|          0|
    +---------+----+----+-----+-----------+



================================================================
== Interface
================================================================
* Summary: 
+----------+-----+-----+------------+----------------+--------------+
| RTL Ports| Dir | Bits|  Protocol  |  Source Object |    C Type    |
+----------+-----+-----+------------+----------------+--------------+
|inClk     |  in |    1| ap_ctrl_hs | Biquad::Biquad | return value |
|inReset   |  in |    1| ap_ctrl_hs | Biquad::Biquad | return value |
|inData    |  in |   32|   ap_none  |     inData     |    pointer   |
|outData   | out |   32|   ap_vld   |     outData    |    pointer   |
+----------+-----+-----+------------+----------------+--------------+

